
  .   ____          _            __ _ _
 /\\ / ___'_ __ _ _(_)_ __  __ _ \ \ \ \
( ( )\___ | '_ | '_| | '_ \/ _` | \ \ \ \
 \\/  ___)| |_)| | | | | || (_| |  ) ) ) )
  '  |____| .__|_| |_|_| |_\__, | / / / /
 =========|_|==============|___/=/_/_/_/

 :: Spring Boot ::                (v4.0.3)

2026-06-01T15:22:27.770-03:00  INFO 6088 --- [fatecads] [           main] b.c.f.fatecads.FatecadsApplication       : Starting FatecadsApplication v0.0.1-SNAPSHOT using Java 25.0.1 with PID 6088 (C:\Users\Aluno\Downloads\f-devops\devops\target\fatecads-0.0.1-SNAPSHOT.jar started by Aluno in C:\Users\Aluno\Downloads\f-devops\devops)
2026-06-01T15:22:27.779-03:00  INFO 6088 --- [fatecads] [           main] b.c.f.fatecads.FatecadsApplication       : No active profile set, falling back to 1 default profile: "default"
2026-06-01T15:22:28.889-03:00  INFO 6088 --- [fatecads] [           main] .s.d.r.c.RepositoryConfigurationDelegate : Bootstrapping Spring Data JPA repositories in DEFAULT mode.
2026-06-01T15:22:28.978-03:00  INFO 6088 --- [fatecads] [           main] .s.d.r.c.RepositoryConfigurationDelegate : Finished Spring Data repository scanning in 73 ms. Found 6 JPA repository interfaces.
2026-06-01T15:22:29.928-03:00  INFO 6088 --- [fatecads] [           main] o.s.boot.tomcat.TomcatWebServer          : Tomcat initialized with port 8081 (http)
2026-06-01T15:22:29.950-03:00  INFO 6088 --- [fatecads] [           main] o.apache.catalina.core.StandardService   : Starting service [Tomcat]
2026-06-01T15:22:29.951-03:00  INFO 6088 --- [fatecads] [           main] o.apache.catalina.core.StandardEngine    : Starting Servlet engine: [Apache Tomcat/11.0.18]
2026-06-01T15:22:30.031-03:00  INFO 6088 --- [fatecads] [           main] b.w.c.s.WebApplicationContextInitializer : Root WebApplicationContext: initialization completed in 2151 ms
2026-06-01T15:22:30.456-03:00  INFO 6088 --- [fatecads] [           main] org.hibernate.orm.jpa                    : HHH008540: Processing PersistenceUnitInfo [name: default]
2026-06-01T15:22:30.534-03:00  INFO 6088 --- [fatecads] [           main] org.hibernate.orm.core                   : HHH000001: Hibernate ORM core version 7.2.4.Final
2026-06-01T15:22:31.409-03:00  INFO 6088 --- [fatecads] [           main] o.s.o.j.p.SpringPersistenceUnitInfo      : No LoadTimeWeaver setup: ignoring JPA class transformer
2026-06-01T15:22:31.446-03:00  INFO 6088 --- [fatecads] [           main] com.zaxxer.hikari.HikariDataSource       : HikariPool-1 - Starting...
2026-06-01T15:22:31.588-03:00  INFO 6088 --- [fatecads] [           main] com.zaxxer.hikari.pool.HikariPool        : HikariPool-1 - Added connection org.postgresql.jdbc.PgConnection@1939a394
2026-06-01T15:22:31.590-03:00  INFO 6088 --- [fatecads] [           main] com.zaxxer.hikari.HikariDataSource       : HikariPool-1 - Start completed.
2026-06-01T15:22:31.659-03:00  INFO 6088 --- [fatecads] [           main] org.hibernate.orm.connections.pooling    : HHH10001005: Database info:
	Database JDBC URL [jdbc:postgresql://localhost:5432/fatecads]
	Database driver: PostgreSQL JDBC Driver
	Database dialect: PostgreSQLDialect
	Database version: 18.1
	Default catalog/schema: fatecads/public
	Autocommit mode: undefined/unknown
	Isolation level: READ_COMMITTED [default READ_COMMITTED]
	JDBC fetch size: none
	Pool: DataSourceConnectionProvider
	Minimum pool size: undefined/unknown
	Maximum pool size: undefined/unknown
2026-06-01T15:22:32.857-03:00  INFO 6088 --- [fatecads] [           main] org.hibernate.orm.core                   : HHH000489: No JTA platform available (set 'hibernate.transaction.jta.platform' to enable JTA platform integration)
2026-06-01T15:22:32.937-03:00  INFO 6088 --- [fatecads] [           main] j.LocalContainerEntityManagerFactoryBean : Initialized JPA EntityManagerFactory for persistence unit 'default'
2026-06-01T15:22:33.039-03:00  INFO 6088 --- [fatecads] [           main] o.s.d.j.r.query.QueryEnhancerFactories   : Hibernate is in classpath; If applicable, HQL parser will be used.
2026-06-01T15:22:33.540-03:00  WARN 6088 --- [fatecads] [           main] JpaBaseConfiguration$JpaWebConfiguration : spring.jpa.open-in-view is enabled by default. Therefore, database queries may be performed during view rendering. Explicitly configure spring.jpa.open-in-view to disable this warning
2026-06-01T15:22:33.644-03:00  INFO 6088 --- [fatecads] [           main] r$InitializeUserDetailsManagerConfigurer : Global AuthenticationManager configured with UserDetailsService bean with name userDetailsServiceImpl
2026-06-01T15:22:33.860-03:00  INFO 6088 --- [fatecads] [           main] o.s.b.w.a.WelcomePageHandlerMapping      : Adding welcome page template: index
2026-06-01T15:22:34.328-03:00  INFO 6088 --- [fatecads] [           main] .w.s.a.s.AnnotationActionEndpointMapping : Supporting [WS-Addressing August 2004, WS-Addressing 1.0]
2026-06-01T15:22:34.385-03:00  INFO 6088 --- [fatecads] [           main] o.s.boot.tomcat.TomcatWebServer          : Tomcat started on port 8081 (http) with context path '/'
2026-06-01T15:22:34.401-03:00  INFO 6088 --- [fatecads] [           main] b.c.f.fatecads.FatecadsApplication       : Started FatecadsApplication in 7.251 seconds (process running for 7.964)
2026-06-01T15:31:45.115-03:00  INFO 6088 --- [fatecads] [nio-8081-exec-4] o.a.c.c.C.[Tomcat].[localhost].[/]       : Initializing Spring DispatcherServlet 'dispatcherServlet'
2026-06-01T15:31:45.116-03:00  INFO 6088 --- [fatecads] [nio-8081-exec-4] o.s.web.servlet.DispatcherServlet        : Initializing Servlet 'dispatcherServlet'
2026-06-01T15:31:45.119-03:00  INFO 6088 --- [fatecads] [nio-8081-exec-4] o.s.web.servlet.DispatcherServlet        : Completed initialization in 3 ms
Hibernate: 
    select
        u1_0.id_usuario,
        u1_0.email,
        u1_0.login,
        u1_0.nome,
        u1_0.role,
        u1_0.senha 
    from
        usuario u1_0 
    where
        u1_0.login=?
Hibernate: 
    select
        a1_0.id_aluno,
        a1_0.cpf_aluno,
        a1_0.id_curso,
        a1_0.email_aluno,
        a1_0.endereco_aluno,
        a1_0.nome_aluno,
        a1_0.ra_aluno,
        a1_0.telefone_aluno 
    from
        aluno a1_0
Hibernate: 
    select
        c1_0.id_curso,
        c1_0.carga_horaria,
        c1_0.nome,
        c1_0.periodo 
    from
        curso c1_0
Hibernate: 
    select
        a1_0.id_aluno,
        a1_0.cpf_aluno,
        a1_0.id_curso,
        a1_0.email_aluno,
        a1_0.endereco_aluno,
        a1_0.nome_aluno,
        a1_0.ra_aluno,
        a1_0.telefone_aluno 
    from
        aluno a1_0
Hibernate: 
    select
        c1_0.id_curso,
        c1_0.carga_horaria,
        c1_0.nome,
        c1_0.periodo 
    from
        curso c1_0
Hibernate: 
    select
        nextval('curso_seq')
Hibernate: 
    insert 
    into
        curso
        (carga_horaria, nome, periodo, id_curso) 
    values
        (?, ?, ?, ?)
Hibernate: 
    select
        c1_0.id_curso,
        c1_0.carga_horaria,
        c1_0.nome,
        c1_0.periodo 
    from
        curso c1_0
Hibernate: 
    select
        c1_0.id_curso,
        c1_0.carga_horaria,
        c1_0.nome,
        c1_0.periodo 
    from
        curso c1_0
Hibernate: 
    select
        c1_0.id_curso,
        c1_0.carga_horaria,
        c1_0.nome,
        c1_0.periodo 
    from
        curso c1_0 
    where
        c1_0.id_curso=?
Hibernate: 
    select
        nextval('aluno_seq')
Hibernate: 
    insert 
    into
        aluno
        (cpf_aluno, id_curso, email_aluno, endereco_aluno, nome_aluno, ra_aluno, telefone_aluno, id_aluno) 
    values
        (?, ?, ?, ?, ?, ?, ?, ?)
Hibernate: 
    select
        a1_0.id_aluno,
        a1_0.cpf_aluno,
        a1_0.id_curso,
        a1_0.email_aluno,
        a1_0.endereco_aluno,
        a1_0.nome_aluno,
        a1_0.ra_aluno,
        a1_0.telefone_aluno 
    from
        aluno a1_0
Hibernate: 
    select
        c1_0.id_curso,
        c1_0.carga_horaria,
        c1_0.nome,
        c1_0.periodo 
    from
        curso c1_0 
    where
        c1_0.id_curso=?
